rigor: p=97 vocab_size=98 train=(4704, 4) test=(4705, 4) weight_decays=[0.0, 0.3, 1.0] seeds=[0, 1, 2] threshold=0.99 num_steps=2500
model: n_layers=2 d_model=24 d_mlp=96 batch_size=512 lr=0.002
split generated once by make_dataset() above; every seed and weight-decay run below reuses ds['train']/ds['test'] unchanged.
=== seed=0 weight_decay=0 ===
step     1/2500  wd=0  batch_loss=4.7020  train_acc=0.0108  test_acc=0.0106
step   200/2500  wd=0  batch_loss=4.3019  train_acc=0.0432  test_acc=0.0064
step   400/2500  wd=0  batch_loss=3.5968  train_acc=0.1392  test_acc=0.0115
step   600/2500  wd=0  batch_loss=1.7107  train_acc=0.4428  test_acc=0.1169
step   800/2500  wd=0  batch_loss=0.9747  train_acc=0.6792  test_acc=0.2142
step  1000/2500  wd=0  batch_loss=0.5618  train_acc=0.8123  test_acc=0.2646
step  1200/2500  wd=0  batch_loss=0.3628  train_acc=0.8956  test_acc=0.2916
step  1400/2500  wd=0  batch_loss=0.2017  train_acc=0.9341  test_acc=0.3075
step  1600/2500  wd=0  batch_loss=0.1861  train_acc=0.9602  test_acc=0.3248
step  1800/2500  wd=0  batch_loss=0.2542  train_acc=0.9298  test_acc=0.3175
step  2000/2500  wd=0  batch_loss=0.0487  train_acc=0.9940  test_acc=0.3399
step  2200/2500  wd=0  batch_loss=0.0116  train_acc=1.0000  test_acc=0.3532
step  2400/2500  wd=0  batch_loss=0.0069  train_acc=1.0000  test_acc=0.3543
step  2500/2500  wd=0  batch_loss=0.0059  train_acc=1.0000  test_acc=0.3581
seed=0  weight_decay=0  generalization_step=not reached  memorization_step=2000  gap=n/a  final_train_acc=1.0000  final_test_acc=0.3581
=== seed=0 weight_decay=0.3 ===
step     1/2500  wd=0.3  batch_loss=4.7020  train_acc=0.0108  test_acc=0.0106
step   200/2500  wd=0.3  batch_loss=4.3510  train_acc=0.0391  test_acc=0.0062
step   400/2500  wd=0.3  batch_loss=3.8004  train_acc=0.1091  test_acc=0.0098
step   600/2500  wd=0.3  batch_loss=1.4556  train_acc=0.4815  test_acc=0.2153
step   800/2500  wd=0.3  batch_loss=0.3110  train_acc=0.9143  test_acc=0.7284
step  1000/2500  wd=0.3  batch_loss=0.0422  train_acc=0.9985  test_acc=0.9243
step  1200/2500  wd=0.3  batch_loss=0.0313  train_acc=0.9998  test_acc=0.9411
step  1400/2500  wd=0.3  batch_loss=0.0261  train_acc=1.0000  test_acc=0.9526
step  1600/2500  wd=0.3  batch_loss=0.0223  train_acc=1.0000  test_acc=0.9607
step  1800/2500  wd=0.3  batch_loss=0.0161  train_acc=1.0000  test_acc=0.9654
step  2000/2500  wd=0.3  batch_loss=0.0187  train_acc=1.0000  test_acc=0.9675
step  2200/2500  wd=0.3  batch_loss=0.0138  train_acc=1.0000  test_acc=0.9719
step  2400/2500  wd=0.3  batch_loss=0.0089  train_acc=1.0000  test_acc=0.9779
step  2500/2500  wd=0.3  batch_loss=0.0121  train_acc=1.0000  test_acc=0.9768
seed=0  weight_decay=0.3  generalization_step=not reached  memorization_step=1000  gap=n/a  final_train_acc=1.0000  final_test_acc=0.9768
=== seed=0 weight_decay=1 ===
step     1/2500  wd=1  batch_loss=4.7020  train_acc=0.0111  test_acc=0.0106
step   200/2500  wd=1  batch_loss=4.4596  train_acc=0.0240  test_acc=0.0045
step   400/2500  wd=1  batch_loss=3.9073  train_acc=0.0799  test_acc=0.0227
step   600/2500  wd=1  batch_loss=0.0786  train_acc=0.9985  test_acc=0.9957
seed=0  weight_decay=1  generalization_step=600  memorization_step=600  gap=0  final_train_acc=0.9985  final_test_acc=0.9957
=== seed=1 weight_decay=0 ===
step     1/2500  wd=0  batch_loss=4.8144  train_acc=0.0125  test_acc=0.0081
step   200/2500  wd=0  batch_loss=4.3261  train_acc=0.0480  test_acc=0.0068
step   400/2500  wd=0  batch_loss=3.0481  train_acc=0.1811  test_acc=0.0327
step   600/2500  wd=0  batch_loss=1.3932  train_acc=0.5487  test_acc=0.2476
step   800/2500  wd=0  batch_loss=0.4935  train_acc=0.8346  test_acc=0.5201
step  1000/2500  wd=0  batch_loss=0.1338  train_acc=0.9841  test_acc=0.7358
step  1200/2500  wd=0  batch_loss=0.0259  train_acc=0.9998  test_acc=0.8149
step  1400/2500  wd=0  batch_loss=0.0054  train_acc=1.0000  test_acc=0.8370
step  1600/2500  wd=0  batch_loss=0.0034  train_acc=1.0000  test_acc=0.8412
step  1800/2500  wd=0  batch_loss=0.0021  train_acc=1.0000  test_acc=0.8446
step  2000/2500  wd=0  batch_loss=0.0017  train_acc=1.0000  test_acc=0.8519
step  2200/2500  wd=0  batch_loss=0.0010  train_acc=1.0000  test_acc=0.8538
step  2400/2500  wd=0  batch_loss=0.0009  train_acc=1.0000  test_acc=0.8542
step  2500/2500  wd=0  batch_loss=0.0008  train_acc=1.0000  test_acc=0.8546
seed=1  weight_decay=0  generalization_step=not reached  memorization_step=1200  gap=n/a  final_train_acc=1.0000  final_test_acc=0.8546
=== seed=1 weight_decay=0.3 ===
step     1/2500  wd=0.3  batch_loss=4.8144  train_acc=0.0125  test_acc=0.0081
step   200/2500  wd=0.3  batch_loss=4.3918  train_acc=0.0395  test_acc=0.0064
step   400/2500  wd=0.3  batch_loss=3.6518  train_acc=0.1229  test_acc=0.0204
step   600/2500  wd=0.3  batch_loss=1.1931  train_acc=0.6133  test_acc=0.3749
step   800/2500  wd=0.3  batch_loss=0.0923  train_acc=0.9917  test_acc=0.9173
step  1000/2500  wd=0.3  batch_loss=0.0367  train_acc=0.9998  test_acc=0.9702
step  1200/2500  wd=0.3  batch_loss=0.0320  train_acc=1.0000  test_acc=0.9762
step  1400/2500  wd=0.3  batch_loss=0.0233  train_acc=1.0000  test_acc=0.9807
step  1600/2500  wd=0.3  batch_loss=0.0196  train_acc=1.0000  test_acc=0.9858
step  1800/2500  wd=0.3  batch_loss=0.0192  train_acc=1.0000  test_acc=0.9883
step  2000/2500  wd=0.3  batch_loss=0.0140  train_acc=1.0000  test_acc=0.9896
step  2200/2500  wd=0.3  batch_loss=0.0136  train_acc=0.9998  test_acc=0.9885
step  2400/2500  wd=0.3  batch_loss=0.8051  train_acc=0.8085  test_acc=0.7305
step  2500/2500  wd=0.3  batch_loss=0.1708  train_acc=0.9983  test_acc=0.9783
seed=1  weight_decay=0.3  generalization_step=not reached  memorization_step=800  gap=n/a  final_train_acc=0.9983  final_test_acc=0.9783
=== seed=1 weight_decay=1 ===
step     1/2500  wd=1  batch_loss=4.8144  train_acc=0.0125  test_acc=0.0081
step   200/2500  wd=1  batch_loss=4.4770  train_acc=0.0244  test_acc=0.0038
step   400/2500  wd=1  batch_loss=3.1238  train_acc=0.1271  test_acc=0.0591
step   600/2500  wd=1  batch_loss=1.7525  train_acc=0.3805  test_acc=0.3088
step   800/2500  wd=1  batch_loss=1.3442  train_acc=0.5763  test_acc=0.5003
step  1000/2500  wd=1  batch_loss=0.4433  train_acc=0.9201  test_acc=0.8878
step  1200/2500  wd=1  batch_loss=0.2933  train_acc=0.9573  test_acc=0.9254
step  1400/2500  wd=1  batch_loss=0.3111  train_acc=0.9437  test_acc=0.9190
step  1600/2500  wd=1  batch_loss=1.0229  train_acc=0.5349  test_acc=0.4925
step  1800/2500  wd=1  batch_loss=0.4431  train_acc=0.9413  test_acc=0.9131
step  2000/2500  wd=1  batch_loss=0.3771  train_acc=0.9651  test_acc=0.9348
step  2200/2500  wd=1  batch_loss=0.3965  train_acc=0.9600  test_acc=0.9390
step  2400/2500  wd=1  batch_loss=0.3082  train_acc=0.9658  test_acc=0.9413
step  2500/2500  wd=1  batch_loss=0.3178  train_acc=0.9656  test_acc=0.9458
seed=1  weight_decay=1  generalization_step=not reached  memorization_step=not reached  gap=n/a  final_train_acc=0.9656  final_test_acc=0.9458
=== seed=2 weight_decay=0 ===
step     1/2500  wd=0  batch_loss=4.7293  train_acc=0.0117  test_acc=0.0083
step   200/2500  wd=0  batch_loss=4.3678  train_acc=0.0436  test_acc=0.0064
step   400/2500  wd=0  batch_loss=2.2876  train_acc=0.2676  test_acc=0.0857
step   600/2500  wd=0  batch_loss=1.3174  train_acc=0.5697  test_acc=0.2461
step   800/2500  wd=0  batch_loss=0.6808  train_acc=0.7638  test_acc=0.4079
step  1000/2500  wd=0  batch_loss=0.2862  train_acc=0.9226  test_acc=0.6070
step  1200/2500  wd=0  batch_loss=0.0626  train_acc=0.9851  test_acc=0.7260
step  1400/2500  wd=0  batch_loss=0.0120  train_acc=1.0000  test_acc=0.7836
step  1600/2500  wd=0  batch_loss=0.0055  train_acc=1.0000  test_acc=0.7949
step  1800/2500  wd=0  batch_loss=0.0034  train_acc=1.0000  test_acc=0.8026
step  2000/2500  wd=0  batch_loss=0.0021  train_acc=1.0000  test_acc=0.7994
step  2200/2500  wd=0  batch_loss=0.0014  train_acc=1.0000  test_acc=0.8045
step  2400/2500  wd=0  batch_loss=0.0011  train_acc=1.0000  test_acc=0.8079
step  2500/2500  wd=0  batch_loss=0.0012  train_acc=1.0000  test_acc=0.8119
seed=2  weight_decay=0  generalization_step=not reached  memorization_step=1400  gap=n/a  final_train_acc=1.0000  final_test_acc=0.8119
=== seed=2 weight_decay=0.3 ===
step     1/2500  wd=0.3  batch_loss=4.7293  train_acc=0.0117  test_acc=0.0083
step   200/2500  wd=0.3  batch_loss=4.4229  train_acc=0.0353  test_acc=0.0066
step   400/2500  wd=0.3  batch_loss=2.1891  train_acc=0.2706  test_acc=0.1129
step   600/2500  wd=0.3  batch_loss=1.6756  train_acc=0.4373  test_acc=0.2338
step   800/2500  wd=0.3  batch_loss=0.7414  train_acc=0.7674  test_acc=0.5994
step  1000/2500  wd=0.3  batch_loss=0.0923  train_acc=0.9951  test_acc=0.9522
step  1200/2500  wd=0.3  batch_loss=0.0589  train_acc=0.9979  test_acc=0.9700
step  1400/2500  wd=0.3  batch_loss=0.0452  train_acc=0.9966  test_acc=0.9671
step  1600/2500  wd=0.3  batch_loss=0.1343  train_acc=0.9923  test_acc=0.9632
step  1800/2500  wd=0.3  batch_loss=0.0974  train_acc=0.9949  test_acc=0.9688
step  2000/2500  wd=0.3  batch_loss=0.1022  train_acc=0.9868  test_acc=0.9598
step  2200/2500  wd=0.3  batch_loss=0.1225  train_acc=0.9902  test_acc=0.9549
step  2400/2500  wd=0.3  batch_loss=0.0970  train_acc=0.9919  test_acc=0.9611
step  2500/2500  wd=0.3  batch_loss=0.1021  train_acc=0.9838  test_acc=0.9530
seed=2  weight_decay=0.3  generalization_step=not reached  memorization_step=1000  gap=n/a  final_train_acc=0.9838  final_test_acc=0.9530
=== seed=2 weight_decay=1 ===
step     1/2500  wd=1  batch_loss=4.7293  train_acc=0.0117  test_acc=0.0083
step   200/2500  wd=1  batch_loss=4.5191  train_acc=0.0200  test_acc=0.0043
step   400/2500  wd=1  batch_loss=3.1056  train_acc=0.1265  test_acc=0.0576
step   600/2500  wd=1  batch_loss=2.0155  train_acc=0.3089  test_acc=0.2355
step   800/2500  wd=1  batch_loss=1.6992  train_acc=0.4915  test_acc=0.4004
step  1000/2500  wd=1  batch_loss=1.6450  train_acc=0.4728  test_acc=0.4034
step  1200/2500  wd=1  batch_loss=1.6258  train_acc=0.4955  test_acc=0.4391
step  1400/2500  wd=1  batch_loss=1.6164  train_acc=0.4507  test_acc=0.4081
step  1600/2500  wd=1  batch_loss=1.6418  train_acc=0.5627  test_acc=0.4999
step  1800/2500  wd=1  batch_loss=1.4661  train_acc=0.5908  test_acc=0.5286
step  2000/2500  wd=1  batch_loss=1.2913  train_acc=0.6962  test_acc=0.6710
step  2200/2500  wd=1  batch_loss=0.7811  train_acc=0.8323  test_acc=0.8132
step  2400/2500  wd=1  batch_loss=0.4499  train_acc=0.9626  test_acc=0.9564
step  2500/2500  wd=1  batch_loss=0.4625  train_acc=0.9602  test_acc=0.9547
seed=2  weight_decay=1  generalization_step=not reached  memorization_step=not reached  gap=n/a  final_train_acc=0.9602  final_test_acc=0.9547
=== summary (mean +/- std over seeds that reached threshold; final_test_acc is mean +/- std over all seeds) ===
weight_decay=0  reached=0/3  generalization_step=n/a  gap=n/a  final_test_acc=0.6749+/-0.2247
weight_decay=0.3  reached=0/3  generalization_step=n/a  gap=n/a  final_test_acc=0.9694+/-0.0116
weight_decay=1  reached=1/3  generalization_step=600.0+/-0.0  gap=0.0+/-0.0  final_test_acc=0.9654+/-0.0217
