experiment: p=97 vocab_size=98 train=(4704, 4) test=(4705, 4) weight_decays=[0.0, 0.1, 0.3, 1.0] threshold=0.99
model: n_layers=2 d_model=24 d_mlp=96 batch_size=512 lr=0.002 num_steps=6000 model_seed=0 batch_seed=1
=== weight_decay=0 ===
step     1/6000  wd=0  batch_loss=4.7020  train_acc=0.0108  test_acc=0.0106
step   200/6000  wd=0  batch_loss=4.3019  train_acc=0.0432  test_acc=0.0064
step   400/6000  wd=0  batch_loss=3.5968  train_acc=0.1392  test_acc=0.0115
step   600/6000  wd=0  batch_loss=1.7107  train_acc=0.4428  test_acc=0.1169
step   800/6000  wd=0  batch_loss=0.9747  train_acc=0.6792  test_acc=0.2142
step  1000/6000  wd=0  batch_loss=0.5618  train_acc=0.8123  test_acc=0.2646
step  1200/6000  wd=0  batch_loss=0.3628  train_acc=0.8956  test_acc=0.2916
step  1400/6000  wd=0  batch_loss=0.2017  train_acc=0.9341  test_acc=0.3075
step  1600/6000  wd=0  batch_loss=0.1861  train_acc=0.9602  test_acc=0.3248
step  1800/6000  wd=0  batch_loss=0.2542  train_acc=0.9298  test_acc=0.3175
step  2000/6000  wd=0  batch_loss=0.0487  train_acc=0.9940  test_acc=0.3399
step  2200/6000  wd=0  batch_loss=0.0116  train_acc=1.0000  test_acc=0.3532
step  2400/6000  wd=0  batch_loss=0.0069  train_acc=1.0000  test_acc=0.3543
step  2600/6000  wd=0  batch_loss=0.0056  train_acc=1.0000  test_acc=0.3581
step  2800/6000  wd=0  batch_loss=0.0040  train_acc=1.0000  test_acc=0.3564
step  3000/6000  wd=0  batch_loss=0.0031  train_acc=1.0000  test_acc=0.3545
step  3200/6000  wd=0  batch_loss=0.0023  train_acc=1.0000  test_acc=0.3583
step  3400/6000  wd=0  batch_loss=0.0020  train_acc=1.0000  test_acc=0.3575
step  3600/6000  wd=0  batch_loss=0.0014  train_acc=1.0000  test_acc=0.3577
step  3800/6000  wd=0  batch_loss=0.0012  train_acc=1.0000  test_acc=0.3592
step  4000/6000  wd=0  batch_loss=0.0009  train_acc=1.0000  test_acc=0.3603
step  4200/6000  wd=0  batch_loss=0.0009  train_acc=1.0000  test_acc=0.3594
step  4400/6000  wd=0  batch_loss=0.0007  train_acc=1.0000  test_acc=0.3603
step  4600/6000  wd=0  batch_loss=0.0007  train_acc=1.0000  test_acc=0.3630
step  4800/6000  wd=0  batch_loss=0.0005  train_acc=1.0000  test_acc=0.3628
step  5000/6000  wd=0  batch_loss=0.0004  train_acc=1.0000  test_acc=0.3634
step  5200/6000  wd=0  batch_loss=0.0004  train_acc=1.0000  test_acc=0.3637
step  5400/6000  wd=0  batch_loss=0.0003  train_acc=1.0000  test_acc=0.3628
step  5600/6000  wd=0  batch_loss=0.0003  train_acc=1.0000  test_acc=0.3632
step  5800/6000  wd=0  batch_loss=0.0002  train_acc=1.0000  test_acc=0.3645
step  6000/6000  wd=0  batch_loss=0.0002  train_acc=1.0000  test_acc=0.3622
weight_decay=0  train>=0.99 at step 2000  test>=0.99 at step not reached
=== weight_decay=0.1 ===
step     1/6000  wd=0.1  batch_loss=4.7020  train_acc=0.0108  test_acc=0.0106
step   200/6000  wd=0.1  batch_loss=4.3207  train_acc=0.0419  test_acc=0.0049
step   400/6000  wd=0.1  batch_loss=3.6919  train_acc=0.1293  test_acc=0.0100
step   600/6000  wd=0.1  batch_loss=1.7879  train_acc=0.4226  test_acc=0.1211
step   800/6000  wd=0.1  batch_loss=0.9014  train_acc=0.6966  test_acc=0.2678
step  1000/6000  wd=0.1  batch_loss=0.5650  train_acc=0.8202  test_acc=0.3537
step  1200/6000  wd=0.1  batch_loss=0.3657  train_acc=0.9058  test_acc=0.4342
step  1400/6000  wd=0.1  batch_loss=0.2156  train_acc=0.9428  test_acc=0.4910
step  1600/6000  wd=0.1  batch_loss=0.1223  train_acc=0.9864  test_acc=0.5671
step  1800/6000  wd=0.1  batch_loss=0.0879  train_acc=0.9802  test_acc=0.6085
step  2000/6000  wd=0.1  batch_loss=0.0385  train_acc=0.9985  test_acc=0.6952
step  2200/6000  wd=0.1  batch_loss=0.0250  train_acc=0.9996  test_acc=0.7401
step  2400/6000  wd=0.1  batch_loss=0.0189  train_acc=1.0000  test_acc=0.7832
step  2600/6000  wd=0.1  batch_loss=0.0167  train_acc=1.0000  test_acc=0.8181
step  2800/6000  wd=0.1  batch_loss=0.0138  train_acc=1.0000  test_acc=0.8550
step  3000/6000  wd=0.1  batch_loss=0.0105  train_acc=1.0000  test_acc=0.8810
step  3200/6000  wd=0.1  batch_loss=0.0122  train_acc=1.0000  test_acc=0.9016
step  3400/6000  wd=0.1  batch_loss=0.0077  train_acc=1.0000  test_acc=0.9160
step  3600/6000  wd=0.1  batch_loss=0.0069  train_acc=1.0000  test_acc=0.9335
step  3800/6000  wd=0.1  batch_loss=0.0064  train_acc=1.0000  test_acc=0.9452
step  4000/6000  wd=0.1  batch_loss=0.0056  train_acc=1.0000  test_acc=0.9541
step  4200/6000  wd=0.1  batch_loss=0.0049  train_acc=1.0000  test_acc=0.9603
step  4400/6000  wd=0.1  batch_loss=0.0047  train_acc=1.0000  test_acc=0.9649
step  4600/6000  wd=0.1  batch_loss=0.0158  train_acc=0.9666  test_acc=0.9169
step  4800/6000  wd=0.1  batch_loss=0.0127  train_acc=1.0000  test_acc=0.9800
step  5000/6000  wd=0.1  batch_loss=0.0099  train_acc=1.0000  test_acc=0.9830
step  5200/6000  wd=0.1  batch_loss=0.0085  train_acc=1.0000  test_acc=0.9841
step  5400/6000  wd=0.1  batch_loss=0.0072  train_acc=1.0000  test_acc=0.9864
step  5600/6000  wd=0.1  batch_loss=0.0064  train_acc=1.0000  test_acc=0.9875
step  5800/6000  wd=0.1  batch_loss=0.0055  train_acc=1.0000  test_acc=0.9889
step  6000/6000  wd=0.1  batch_loss=0.0051  train_acc=1.0000  test_acc=0.9896
weight_decay=0.1  train>=0.99 at step 2000  test>=0.99 at step not reached
=== weight_decay=0.3 ===
step     1/6000  wd=0.3  batch_loss=4.7020  train_acc=0.0108  test_acc=0.0106
step   200/6000  wd=0.3  batch_loss=4.3510  train_acc=0.0391  test_acc=0.0062
step   400/6000  wd=0.3  batch_loss=3.8004  train_acc=0.1091  test_acc=0.0098
step   600/6000  wd=0.3  batch_loss=1.4556  train_acc=0.4815  test_acc=0.2153
step   800/6000  wd=0.3  batch_loss=0.3110  train_acc=0.9143  test_acc=0.7284
step  1000/6000  wd=0.3  batch_loss=0.0422  train_acc=0.9985  test_acc=0.9243
step  1200/6000  wd=0.3  batch_loss=0.0313  train_acc=0.9998  test_acc=0.9411
step  1400/6000  wd=0.3  batch_loss=0.0261  train_acc=1.0000  test_acc=0.9526
step  1600/6000  wd=0.3  batch_loss=0.0223  train_acc=1.0000  test_acc=0.9607
step  1800/6000  wd=0.3  batch_loss=0.0161  train_acc=1.0000  test_acc=0.9654
step  2000/6000  wd=0.3  batch_loss=0.0187  train_acc=1.0000  test_acc=0.9675
step  2200/6000  wd=0.3  batch_loss=0.0138  train_acc=1.0000  test_acc=0.9719
step  2400/6000  wd=0.3  batch_loss=0.0089  train_acc=1.0000  test_acc=0.9779
step  2600/6000  wd=0.3  batch_loss=0.0094  train_acc=1.0000  test_acc=0.9785
step  2800/6000  wd=0.3  batch_loss=0.0072  train_acc=1.0000  test_acc=0.9813
step  3000/6000  wd=0.3  batch_loss=0.0084  train_acc=1.0000  test_acc=0.9834
step  3200/6000  wd=0.3  batch_loss=0.0066  train_acc=1.0000  test_acc=0.9851
step  3400/6000  wd=0.3  batch_loss=0.0063  train_acc=1.0000  test_acc=0.9864
step  3600/6000  wd=0.3  batch_loss=0.0054  train_acc=1.0000  test_acc=0.9883
step  3800/6000  wd=0.3  batch_loss=0.0044  train_acc=1.0000  test_acc=0.9909
step  4000/6000  wd=0.3  batch_loss=0.0038  train_acc=1.0000  test_acc=0.9917
step  4200/6000  wd=0.3  batch_loss=0.0035  train_acc=1.0000  test_acc=0.9923
step  4400/6000  wd=0.3  batch_loss=0.0031  train_acc=1.0000  test_acc=0.9930
step  4600/6000  wd=0.3  batch_loss=0.0030  train_acc=1.0000  test_acc=0.9923
step  4800/6000  wd=0.3  batch_loss=0.0026  train_acc=1.0000  test_acc=0.9934
step  5000/6000  wd=0.3  batch_loss=0.0675  train_acc=0.9985  test_acc=0.9915
step  5200/6000  wd=0.3  batch_loss=0.0359  train_acc=1.0000  test_acc=0.9955
step  5400/6000  wd=0.3  batch_loss=0.0310  train_acc=1.0000  test_acc=0.9972
step  5600/6000  wd=0.3  batch_loss=0.0268  train_acc=1.0000  test_acc=0.9974
step  5800/6000  wd=0.3  batch_loss=0.0260  train_acc=1.0000  test_acc=0.9979
step  6000/6000  wd=0.3  batch_loss=0.0200  train_acc=1.0000  test_acc=0.9974
weight_decay=0.3  train>=0.99 at step 1000  test>=0.99 at step 3800
=== weight_decay=1 ===
step     1/6000  wd=1  batch_loss=4.7020  train_acc=0.0111  test_acc=0.0106
step   200/6000  wd=1  batch_loss=4.4596  train_acc=0.0240  test_acc=0.0045
step   400/6000  wd=1  batch_loss=3.9073  train_acc=0.0799  test_acc=0.0227
step   600/6000  wd=1  batch_loss=0.0786  train_acc=0.9985  test_acc=0.9957
step   800/6000  wd=1  batch_loss=0.0583  train_acc=0.9996  test_acc=0.9979
step  1000/6000  wd=1  batch_loss=0.0438  train_acc=0.9996  test_acc=0.9985
step  1200/6000  wd=1  batch_loss=0.0445  train_acc=0.9998  test_acc=0.9989
step  1400/6000  wd=1  batch_loss=0.0372  train_acc=1.0000  test_acc=0.9994
step  1600/6000  wd=1  batch_loss=0.1278  train_acc=0.9998  test_acc=0.9994
step  1800/6000  wd=1  batch_loss=0.1172  train_acc=1.0000  test_acc=0.9983
step  2000/6000  wd=1  batch_loss=0.0923  train_acc=0.9998  test_acc=0.9985
step  2200/6000  wd=1  batch_loss=0.0753  train_acc=1.0000  test_acc=0.9985
step  2400/6000  wd=1  batch_loss=0.0653  train_acc=1.0000  test_acc=0.9989
step  2600/6000  wd=1  batch_loss=0.0557  train_acc=1.0000  test_acc=0.9989
step  2800/6000  wd=1  batch_loss=0.0486  train_acc=1.0000  test_acc=0.9991
step  3000/6000  wd=1  batch_loss=0.0451  train_acc=0.9998  test_acc=0.9985
step  3200/6000  wd=1  batch_loss=0.0464  train_acc=1.0000  test_acc=0.9996
step  3400/6000  wd=1  batch_loss=0.0441  train_acc=1.0000  test_acc=0.9989
step  3600/6000  wd=1  batch_loss=0.0417  train_acc=0.9996  test_acc=0.9989
step  3800/6000  wd=1  batch_loss=0.0398  train_acc=0.9998  test_acc=0.9987
step  4000/6000  wd=1  batch_loss=0.0349  train_acc=0.9998  test_acc=0.9989
step  4200/6000  wd=1  batch_loss=0.0333  train_acc=1.0000  test_acc=0.9996
step  4400/6000  wd=1  batch_loss=0.0341  train_acc=1.0000  test_acc=0.9996
step  4600/6000  wd=1  batch_loss=0.0292  train_acc=1.0000  test_acc=0.9994
step  4800/6000  wd=1  batch_loss=0.1919  train_acc=0.9983  test_acc=0.9919
step  5000/6000  wd=1  batch_loss=0.1688  train_acc=1.0000  test_acc=0.9979
step  5200/6000  wd=1  batch_loss=0.1390  train_acc=0.9998  test_acc=0.9983
step  5400/6000  wd=1  batch_loss=0.1144  train_acc=0.9991  test_acc=0.9945
step  5600/6000  wd=1  batch_loss=0.1025  train_acc=0.9998  test_acc=0.9979
step  5800/6000  wd=1  batch_loss=0.0908  train_acc=0.9996  test_acc=0.9970
step  6000/6000  wd=1  batch_loss=0.0788  train_acc=1.0000  test_acc=0.9985
weight_decay=1  train>=0.99 at step 600  test>=0.99 at step 600
=== summary ===
weight_decay=0  generalization_step=not reached  memorization_step=2000  gap=n/a
weight_decay=0.1  generalization_step=not reached  memorization_step=2000  gap=n/a
weight_decay=0.3  generalization_step=3800  memorization_step=1000  gap=2800
weight_decay=1  generalization_step=600  memorization_step=600  gap=0
